
T18251b.hs:3:11: error:
    Found a binding for an @-operator in a pattern position.
    Perhaps you meant an @-pattern, which must not be surrounded by whitespace?
